1. Создайте новый раздел, начинающийся с первого свободного сектора и имеющий размер 300 МБайт.
sudo fdisk /dev/sdb
	n - Создать новый раздел
	p - Тип раздела primary
	Номер раздела (1, default)
	Первый сектор (2048, default)
	+300M
	w
	
	
2. Создайте файл в домашнем каталоге пользователя root и сохраните в него UUID созданного раздела.
sudo su root
blkid /dev/sdb1 >> ~/UUID


3. Создайте на созданном разделе файловую систему ext4 с размером блока 4096 байт.
sudo mkfs -t ext4 -b 4096 /dev/sdb1


4. Выведите на экран текущее состояние параметров, записанных в суперблоке созданной файловой системы.
sudo dumpe2fs -h /dev/sdb1


5. Настройте эту файловую систему таким образом, чтобы ее автоматическая проверка запускалась через 2 месяца или каждое второе монтирование файловой системы.
sudo tune2fs -c 2 -i 2m /dev/sdb1


6. Создайте в каталоге /mnt подкаталог newdisk и подмонтируйте в него созданную файловую систему.
sudo su root 
mkdir /mnt/newdisk
mount -t ext4 /dev/sdb1 /mnt/newdisk


7. Создайте в домашнем каталоге пользователя root ссылку на смонтированную файловую систему
sudo su root 
ln -s /mnt/newdisk ~/newdisk


8. Создайте каталог с любым именем в смонтированной файловой системе.
 mkdir ~/newdisk/randomdir


9. Включите автомонтирование при запуске операционной системы созданной файловой системы в /mnt/newdisk таким образом, чтобы было невозможно запускать исполняемые файлы, находящиеся в этой системе, а также с отключением возможности записи времени последнего доступа к файлу для ускорения работы с этой файловой системой. Перезагрузите операционную систему и проверьте доступность файловой системы. Проверьте невозможность запустить исполняемыйфайл, если он хранится в этой файловой системе.
/dev/sdb1 /mnt/newdisk ext4 noexec,noatime 0 0


10. Увеличьте размер раздела и файловой системы до 350 МБайт. Проверьте, что размер изменился.
sudo umount /dev/sdb1
sudo fdisk /dev/sdb
	d - delete
	n - new 
	p - primary
	1 - partition number
	2048 - first sector
	+350M
	n - dont remove ext4
	w
reboot
sudo resize2fs /dev/sdb1


11. Проверьте на наличие ошибок созданную файловую системы "в безопасном режиме", то есть в режиме запрета внесения каких-либо изменений в файловую систему, даже если обнаружены ошибки.\
sudo e2fsck -n /dev/sdb1


12. Создайте новый раздел, размером в 12 Мбайт. Настройте файловую систему, созданную в пункте 3 таким образом, чтобы ее журнал был расположен на разделе, созданном в этом пункте.
sudo fdisk /dev/sdb
	n
	p
	default - partition number
	default - first sector
	+12M
	w
reboot
sudo mke2fs.ext4 /dev/sdb2
sudo mke2fs -O journal_dev /dev/sdb2
sudo umount /dev/sdb1
sudo mke2fs -t ext4 -J device=/dev/sdb2 /dev/sdb1


13. Создайте два новых раздела, размером в 100 МБайт каждый.
umount /dev/sdb1
umount /dev/sdb2
sudo fdisk /dev/sdb
	d
	1
	d
	n
	p
	default
	default
	+100M
	n
	p
	default
	default
	+100M
	w
	

14. Создайте группу разделов LVM и логический том LVM над созданными в предыдущем пункте разделами. Создайте файловую систему ext4 для созданного логического тома LVM и cмонтируйте её в предварительно созданный каталог supernewdisk в каталоге mnt.
sudo pvcreate /dev/sdb1 /dev/sdb2
sudo vgcreate vg00 /dev/sdb1 /dev/sdb2
sudo lvcreate -l100%FREE -n lv00 vg00
sudo mkfs.ext4 /dev/vg00/lv00
sudo mkdir /mnt/supernewdisk
sudo mount /dev/vg00/lv00 /mnt/supernewdisk


15. Создайте папку (каталог) в хостовой операционной системе и предоставьте к ней сетевой доступ, создав сетевой ресурс на хостовой операционной системе. Создайте в директории /mnt поддиректорию share и подмонтируйте в нее созданный сетевой ресурс.
sudo apt-get install cifs-utils
sudo gedit /etc/hosts
192.168.0.100   HOME-PC
sudo mkdir /mnt/share
mount.cifs //HOME-PC/hahaha /mnt/share -o username=USER password=PASSWORD


16. Сделайте так, чтобы сетевой ресурс автоматически монтировалcя для чтения при загрузке операционной системы. Перезагрузите операционную систему и проверьте, что автоматическое монтирование ресурса выполнилось.
Added to /etc/fstab: //HOME-PC/hahaha /mnt/share cifs user=USER,password=PASSWORD,rw,iocharset=utf8 0 0



Доп задание:
Создать raid10, симулировать сбой
создаем раздел на каддом диске 
sudo fdisk /dev/sd[b-e]
создание раздела(n)
тип раздела primary(p)

изменение id раздела(t)
установка id раздела в Linux raid autodetect(fd)
применение изменений и выход(w).

sudo mdadm --create /dev/md0 --level=10 --raid-devices=4 /dev/sd[b-e]1
создлание raid 10

sudo mdadm --detail /dev/md0
dev/md0:
           Version : 1.2
     Creation Time : Mon Nov  8 20:00:56 2021
        Raid Level : raid10
        Array Size : 2091008 (2042.00 MiB 2141.19 MB)
     Used Dev Size : 1045504 (1021.00 MiB 1070.60 MB)
      Raid Devices : 4
     Total Devices : 4
       Persistence : Superblock is persistent

       Update Time : Mon Nov  8 20:01:07 2021
             State : clean 
    Active Devices : 4
   Working Devices : 4
    Failed Devices : 0
     Spare Devices : 0

            Layout : near=2
        Chunk Size : 512K

Consistency Policy : resync

              Name : ubuntu2110:0  (local to host ubuntu2110)
              UUID : 8296feb8:e715b124:c2abfbdd:84018a1f
            Events : 17

    Number   Major   Minor   RaidDevice State
       0       8       17        0      active sync set-A   /dev/sdb1
       1       8       33        1      active sync set-B   /dev/sdc1
       2       8       49        2      active sync set-A   /dev/sdd1
       3       8       65        3      active sync set-B   /dev/sde1




Создание файловой системы ext4 на raid устройстве md0 и монтирование в /mnt/raid10
mkfs.ext4 /dev/md0
mkdir /mnt/raid10
mount /dev/md0 /mnt/raid10/

df -hT /mnt/raid10
Filesystem     Type  Size  Used Avail Use% Mounted on
/dev/md0       ext4  2.0G   24K  1.9G   1% /mnt/raid10

Разметка запасного диска
sudo fdisk /dev/sdf
Device     Boot Start     End Sectors  Size Id Type
/dev/sdf1        2048 2097151 2095104 1023M fd Linux raid autodetect

mdadm --add /dev/md0 /dev/sdf1

mdadm --detail /dev/md0
/dev/md0:
           Version : 1.2
     Creation Time : Mon Nov  8 20:00:56 2021
        Raid Level : raid10
        Array Size : 2091008 (2042.00 MiB 2141.19 MB)
     Used Dev Size : 1045504 (1021.00 MiB 1070.60 MB)
      Raid Devices : 4
     Total Devices : 5
       Persistence : Superblock is persistent

       Update Time : Mon Dec 20 10:33:28 2021
             State : clean 
    Active Devices : 4
   Working Devices : 5
    Failed Devices : 0
     Spare Devices : 1

            Layout : near=2
        Chunk Size : 512K

Consistency Policy : resync

              Name : ubuntu2110:0  (local to host ubuntu2110)
              UUID : 8296feb8:e715b124:c2abfbdd:84018a1f
            Events : 18

    Number   Major   Minor   RaidDevice State
       0       8       17        0      active sync set-A   /dev/sdb1
       1       8       33        1      active sync set-B   /dev/sdc1
       2       8       49        2      active sync set-A   /dev/sdd1
       3       8       65        3      active sync set-B   /dev/sde1

       4       8       81        -      spare   /dev/sdf1

sudo cp -r /opt/google/chrome /mnt/raid10

Симуляция сбоя sdb1
sudo mdadm --manage --fail /dev/md0 /dev/sdb1
sudo mdadm --detail /dev/md0
/dev/md0:
           Version : 1.2
     Creation Time : Mon Nov  8 20:00:56 2021
        Raid Level : raid10
        Array Size : 2091008 (2042.00 MiB 2141.19 MB)
     Used Dev Size : 1045504 (1021.00 MiB 1070.60 MB)
      Raid Devices : 4
     Total Devices : 5
       Persistence : Superblock is persistent

       Update Time : Mon Dec 20 10:40:27 2021
             State : clean, degraded, recovering 
    Active Devices : 3
   Working Devices : 4
    Failed Devices : 1
     Spare Devices : 1

            Layout : near=2
        Chunk Size : 512K

Consistency Policy : resync

    Rebuild Status : 12% complete

              Name : ubuntu2110:0  (local to host ubuntu2110)
              UUID : 8296feb8:e715b124:c2abfbdd:84018a1f
            Events : 22

    Number   Major   Minor   RaidDevice State
       4       8       81        0      spare rebuilding   /dev/sdf1
       1       8       33        1      active sync set-B   /dev/sdc1
       2       8       49        2      active sync set-A   /dev/sdd1
       3       8       65        3      active sync set-B   /dev/sde1

       0       8       17        -      faulty   /dev/sdb1
 
Удаляем упавший диск       
sudo mdadm /dev/md0 -r /dev/sdb1
Добавляем упавший диск 
sudo mdadm /dev/md0 -a /dev/sdb1
sudo mdadm --detail /dev/md0

sudo mdadm --detail /dev/md0
/dev/md0:
           Version : 1.2
     Creation Time : Mon Nov  8 20:00:56 2021
        Raid Level : raid10
        Array Size : 2091008 (2042.00 MiB 2141.19 MB)
     Used Dev Size : 1045504 (1021.00 MiB 1070.60 MB)
      Raid Devices : 4
     Total Devices : 5
       Persistence : Superblock is persistent

       Update Time : Mon Dec 20 10:53:22 2021
             State : clean 
    Active Devices : 4
   Working Devices : 5
    Failed Devices : 0
     Spare Devices : 1

            Layout : near=2
        Chunk Size : 512K

Consistency Policy : resync

              Name : ubuntu2110:0  (local to host ubuntu2110)
              UUID : 8296feb8:e715b124:c2abfbdd:84018a1f
            Events : 39

    Number   Major   Minor   RaidDevice State
       4       8       81        0      active sync set-A   /dev/sdf1
       1       8       33        1      active sync set-B   /dev/sdc1
       2       8       49        2      active sync set-A   /dev/sdd1
       3       8       65        3      active sync set-B   /dev/sde1

       5       8       17        -      spare   /dev/sdb1

